<<<<<<< HEAD
 gcc -g p02.c
 gdb a.out
GNU gdb (Ubuntu 8.1.1-0ubuntu1) 8.1.1
Copyright (C) 2018 Free Software Foundation, Inc.
License GPLv3+: GNU GPL version 3 or later <http://gnu.org/licenses/gpl.html>
This is free software: you are free to change and redistribute it.
There is NO WARRANTY, to the extent permitted by law.  Type "show copying"
and "show warranty" for details.
This GDB was configured as "x86_64-linux-gnu".
Type "show configuration" for configuration details.
For bug reporting instructions, please see:
<http://www.gnu.org/software/gdb/bugs/>.
Find the GDB manual and other documentation resources online at:
<http://www.gnu.org/software/gdb/documentation/>.
For help, type "help".
Type "apropos word" to search for commands related to "word"...
Reading symbols from a.out...done.
(gdb) b main
Breakpoint 1 at 0x801: file p02.c, line 32.
(gdb) r
Starting program: /home/runner/TwoProgramsadayassignment/a.out 
warning: Error disabling address space randomization: Operation not permitted

Breakpoint 1, main () at p02.c:32
32    x=input_side();
(gdb) s
input_side () at p02.c:3
3   {
(gdb) n
5     printf("Enter the side\n");
(gdb) n
Enter the side
6     scanf("%d",&side);
(gdb) n
1
7     return side;
(gdb) p side
$1 = 1
(gdb) n
8   }
(gdb) n
main () at p02.c:33
33    y=input_side();
(gdb) n
Enter the side
4
34    z=input_side();
(gdb) n
Enter the side
5
35    w=check_scalene(x,y,z);
(gdb) s
check_scalene (a=1, b=4, c=5) at p02.c:12
12    if(a!=b && a!=c && b!=c)
(gdb) n
14      return 1;
(gdb) p 1
$2 = 1
(gdb) n
21  }
(gdb) n
main () at p02.c:36
36    output(x,y,z,w);
(gdb) s
output (a=1, b=4, c=5, isscalene=1) at p02.c:24
24     if(isscalene==1)
(gdb) n
25    printf("The given triangle is scalene\n");
(gdb) n
The given triangle is scalene
26     if(isscalene==-1)
(gdb) n
28  }
(gdb) n
main () at p02.c:37
37    return 0;
(gdb) n
38  }
(gdb) c
Continuing.
[Inferior 1 (process 76) exited normally]
(gdb) q
 
=======

>>>>>>> origin/main
