gcc -g p10.c -lm
îº§ gdb a.out
GNU gdb (Ubuntu 8.1.1-0ubuntu1) 8.1.1
Copyright (C) 2018 Free Software Foundation, Inc.
License GPLv3+: GNU GPL version 3 or later <http://gnu.org/licenses/gpl.html>
This is free software: you are free to change and redistribute it.
There is NO WARRANTY, to the extent permitted by law.  Type "show copying"
and "show warranty" for details.
This GDB was configured as "x86_64-linux-gnu".
Type "show configuration" for configuration details.
For bug reporting instructions, please see:
<http://www.gnu.org/software/gdb/bugs/>.
Find the GDB manual and other documentation resources online at:
<http://www.gnu.org/software/gdb/documentation/>.
For help, type "help".
Type "apropos word" to search for commands related to "word"...
Reading symbols from a.out...done.
(gdb) b main
Breakpoint 1 at 0x86a: file p10.c, line 25.
(gdb) r
Starting program: /home/runner/TwoProgramsadayassignment/a.out 
warning: Error disabling address space randomization: Operation not permitted

Breakpoint 1, main () at p10.c:25
25  {
(gdb) n
28    input_triangle(&a1,&b1,&a2,&b2,&a3,&b3);
(gdb) n
Enter the x and y coordinates
1
4
3
4
2
6
29    result=is_triangle(a1,b1,a2,b2,a3,b3);
(gdb) n
30    output(a1,b1,a2,b2,a3,b3,result);
(gdb) n
The three points cant form a triangle
31    return 0;
(gdb) 
